// Jest Snapshot v1, https://goo.gl/fbAQLP

exports[`About component matches snapshot DOM node structure 1`] = `
<DocumentFragment>
  <section
    class="my-5"
  >
    <h1
      id="about"
    >
      Who am I?
    </h1>
    <img
      alt="cover"
      class="my-2"
      src="cover-image.jpg"
      style="width: 100%;"
    />
    <p>
      Bacon ipsum dolor amet chicken turducken bacon, flank ball tip tri-tip andouille ham hock. Leberkas kevin sirloin, ribeye tenderloin flank frankfurter. Sirloin pig tail doner, chislic ribeye sausage bacon turkey strip steak. Tail buffalo pancetta pig strip steak brisket kevin, capicola ham hock. Pork loin ribeye landjaeger sausage cupim meatball swine turducken shank. Hamburger meatball filet mignon strip steak, pork chop ribeye doner sirloin swine turkey chislic. 
    </p>
  </section>
</DocumentFragment>
`;
